// Jest Snapshot v1, https://goo.gl/fbAQLP

exports[`DecimalToRomanForm.vue has the expected html structure 1`] = `
<div
  class="container-fluid"
  id="decimal-to-roman"
>
  <div
    class="row"
  >
    <form
      class="col-xl-5 col-lg-6 col-md-8 col-sm-10 mx-auto form p-5"
    >
      <div
        class="form-group"
      >
        <label
          for="digit"
        >
          Decimal number
        </label>
         
        <input
          aria-describedby="digitHelp"
          class="form-control"
          id="digit"
          type="number"
        />
         
        <small
          class="form-text text-muted"
          id="digitHelp"
        >
          
          Please enter the digit you want to convert to Roman with.
        
        </small>
      </div>
    </form>
  </div>
   
  <!---->
   
  <!---->
</div>
`;
